


ARM Macro Assembler    Page 1 


    1 00000000                 AREA             RESET, CODE, READONLY
    2 00000000                 ENTRY
    3 00000000 E3A05003        MOV              R5, #3
    4 00000004 E59F0020        LDR              R0,=BLOCK1
    5 00000008 E59F1020        LDR              R1,=BLOCK2
    6 0000000C E4902004 
                       NEXT    LDR              R2,[R0],#4
    7 00000010 E4812004        STR              R2,[R1],#4
    8 00000014 E2555001        SUBS             R5,#1
    9 00000018 1AFFFFFB        BNE              NEXT
   10 0000001C EAFFFFFE 
                       B1      B                B1
   11 00000020 00000011 
              00000022 
              000000FF BLOCK1  DCD              0X00000011,0X00000022,0X000000f
f 
                                                            ;use value below 0x
                                                            00000100
   12 0000002C 00000000 
              00000000         AREA             DATA1, DATA, READWRITE
   13 00000000 00000000 
                       BLOCK2  DCD              0
   14 00000004                 END
Command Line: --debug --xref --apcs=interwork -omain.o -IC:\Keil_v4\ARM\INC -IC
:\Keil_v4\ARM\INC\Philips --predefine="__EVAL SETA 1" --list=main.lst main.asm



ARM Macro Assembler    Page 1 Alphabetic symbol ordering
Relocatable symbols

B1 0000001C

Symbol: B1
   Definitions
      At line 10 in file main.asm
   Uses
      At line 10 in file main.asm
Comment: B1 used once
BLOCK1 00000020

Symbol: BLOCK1
   Definitions
      At line 11 in file main.asm
   Uses
      At line 4 in file main.asm
Comment: BLOCK1 used once
NEXT 0000000C

Symbol: NEXT
   Definitions
      At line 6 in file main.asm
   Uses
      At line 9 in file main.asm
Comment: NEXT used once
RESET 00000000

Symbol: RESET
   Definitions
      At line 1 in file main.asm
   Uses
      None
Comment: RESET unused
4 symbols



ARM Macro Assembler    Page 1 Alphabetic symbol ordering
Relocatable symbols

BLOCK2 00000000

Symbol: BLOCK2
   Definitions
      At line 13 in file main.asm
   Uses
      At line 5 in file main.asm
Comment: BLOCK2 used once
DATA1 00000000

Symbol: DATA1
   Definitions
      At line 12 in file main.asm
   Uses
      None
Comment: DATA1 unused
2 symbols
328 symbols in table
