<html>
<body>
<pre>
<h1>µVision Build Log</h1>
<h2>Project:</h2>
D:\19CSE303\19CSE303-ODDSem2022-23\Lab\amrita_blr\ARM7TDMI-LPC2148-programs-main\length of string\1.uvproj
Project File Date:  11/15/2022

<h2>Output:</h2>
Build target 'Target 1'
linking...
Program Size: Code=60 RO-data=0 RW-data=0 ZI-data=0  
".\Objects\1.axf" - 0 Error(s), 0 Warning(s).
Build target 'Target 1'
linking...
.\Objects\1.sct(7): error: L6236E: No section matches selector - no section to be FIRST/LAST.
".\Objects\1.axf" - 1 Error(s), 0 Warning(s).
Build target 'Target 1'
assembling 1.s...
1.s(19): warning: A1581W: Added 3 bytes of padding at address 0x35
linking...
.\Objects\1.sct(8): warning: L6314W: No section matches pattern *(InRoot$$Sections).
Program Size: Code=60 RO-data=0 RW-data=0 ZI-data=0  
FromELF: creating hex file...
".\Objects\1.axf" - 0 Error(s), 2 Warning(s).
