


ARM Macro Assembler    Page 1 


    1 00000000                 AREA             array_traverse_down, CODE, READ
ONLY
    2 00000000                 ENTRY
    3 00000000 E3A01005        mov              r1, #5
    4 00000004 E28F200C        adr              r2, array
    5 00000008 E7923101 
                       loop    ldr              r3, [r2, r1,LSL #2]
    6 0000000C E2511001        subs             r1, r1 ,#1
    7 00000010 AAFFFFFC        bge              loop
    8 00000014 EAFFFFFE 
                       done    b                done
    9 00000018                 align
   10 00000018 00000001 
              00000002 
              00000003 
              00000004 
              00000005 
              00000006 array   dcd              1,2,3,4,5,6
   11 00000030                 end
Command Line: --debug --xref --device=DARMP --apcs=interwork -o.\add2nums.o -IC
:\Keil\ARM\INC\Philips --predefine="__EVAL SETA 1" --list=.\add2nums.lst "..\co
de exam\add2nums.s"



ARM Macro Assembler    Page 1 Alphabetic symbol ordering
Relocatable symbols

array 00000018

Symbol: array
   Definitions
      At line 10 in file ..\code
   Uses
      At line 4 in file ..\code
Comment: array used once
array_traverse_down 00000000

Symbol: array_traverse_down
   Definitions
      At line 1 in file ..\code
   Uses
      None
Comment: array_traverse_down unused
done 00000014

Symbol: done
   Definitions
      At line 8 in file ..\code
   Uses
      At line 8 in file ..\code
Comment: done used once
loop 00000008

Symbol: loop
   Definitions
      At line 5 in file ..\code
   Uses
      At line 7 in file ..\code
Comment: loop used once
4 symbols
324 symbols in table
