<html>
<body>
<pre>
<h1>µVision Build Log</h1>
<h2>Project:</h2>
G:\SUBJECT-OFFICIAL\embedded\ARM\ex\one.uvproj
Project File Date:  03/07/2017

<h2>Output:</h2>
Build target 'Target 1'
assembling new_add.s...
linking...
one.sct(8): warning: L6314W: No section matches pattern *(InRoot$$Sections).
Program Size: Code=12 RO-data=0 RW-data=0 ZI-data=0  
FromELF: creating hex file...
"one.axf" - 0 Error(s), 1 Warning(s).
Build target 'Target 1'
linking...
one.sct(8): warning: L6314W: No section matches pattern *(InRoot$$Sections).
Program Size: Code=12 RO-data=0 RW-data=0 ZI-data=0  
FromELF: creating hex file...
"one.axf" - 0 Error(s), 1 Warning(s).
