


ARM Macro Assembler    Page 1 


    1 00000000                 AREA             reset, CODE, READONLY
    2 00000000                 ENTRY
    3 00000000 E3A01101        LDR              R1,=0x40000000 ; Base address o
                                                            f Array 0x4000 0000
                                                             is the location fr
                                                            om which data can b
                                                            e written
    4 00000004 E3A02000        MOV              R2,#0
    5 00000008 E3A03005        MOV              R3, #5      ;Number of elements
                                                             to be stored/ Size
                                                             of Array
    6 0000000C E1520003 
                       LOOP    CMP              R2,R3       ; Checking whether 
                                                            index has reached t
                                                            he limit
    7 00000010 AA000003        BGE              Stop        ; if index >= size,
                                                             stop
    8 00000014 E2824001        ADD              R4, R2,#1   ; R4 = R2+1
    9 00000018 E4814004        STR              R4, [R1],#4 ; storing R4 value 
                                                            into memory pointed
                                                             by R1 and update R
                                                            1 as R1+4
   10 0000001C E2822001        ADD              R2, R2,#1   ; update R2 as R2+1
                                                            
   11 00000020 1AFFFFF9        BNE              LOOP        ; Repeat search if 
                                                            item is not found y
                                                            et
   12 00000024 EAFFFFFE 
                       Stop    B                Stop
   13 00000028                 END
Command Line: --debug --xref --apcs=interwork -omain.o -IC:\Keil_v4\ARM\INC -IC
:\Keil_v4\ARM\INC\Philips --predefine="__EVAL SETA 1" --list=main.lst main.asm



ARM Macro Assembler    Page 1 Alphabetic symbol ordering
Relocatable symbols

LOOP 0000000C

Symbol: LOOP
   Definitions
      At line 6 in file main.asm
   Uses
      At line 11 in file main.asm
Comment: LOOP used once
Stop 00000024

Symbol: Stop
   Definitions
      At line 12 in file main.asm
   Uses
      At line 7 in file main.asm
      At line 12 in file main.asm

reset 00000000

Symbol: reset
   Definitions
      At line 1 in file main.asm
   Uses
      None
Comment: reset unused
3 symbols
323 symbols in table
