


ARM Macro Assembler    Page 1 


    1 00000000                 AREA             Example3, CODE, READWRITE
    2 00000000                 ENTRY
    3 00000000         start
    4 00000000 E59F1018        LDR              r1,Q        ;load r1 with Q
    5 00000004 E59F2018        LDR              r2,R        ;load r2 with R
    6 00000008 E59F3018        LDR              r3,S        ;load r3 with S
    7 0000000C E0810002        ADD              r0,r1,r2    ;add Q to R
    8 00000010 E0800003        ADD              r0,r3       ;add in S
    9 00000014 E58F0004        STR              r0,Q        ;store result in Q
   10 00000018 EAFFFFFE 
                       Stop    B                Stop
   11 0000001C         
   12 0000001C                 AREA             Example3, CODE, READWRITE
   13 0000001C         
   14 0000001C 00 00 00 
              00       P       SPACE            4           ;save one word of s
                                                            torage
   15 00000020 00000002 
                       Q       DCD              2           ;create variable Q 
                                                            with initial value 
                                                            2
   16 00000024 00000004 
                       R       DCD              4           ;create variable R 
                                                            with initial value 
                                                            4
   17 00000028 00000005 
                       S       DCD              5           ;create variable S 
                                                            with initial value 
                                                            5
   18 0000002C                 END
Command Line: --debug --xref --apcs=interwork --depend=.\third.d -o.\third.o -I
"D:\Program Files\Keil\ARM\RV31\INC" -I"D:\Program Files\Keil\ARM\CMSIS\Include
" -I"D:\Program Files\Keil\ARM\Inc\Philips" --predefine="__EVAL SETA 1" --list=
.\third.lst third.asm



ARM Macro Assembler    Page 1 Alphabetic symbol ordering
Relocatable symbols

Example3 00000000

Symbol: Example3
   Definitions
      At line 1 in file third.asm
   Uses
      None
Comment: Example3 unused
P 0000001C

Symbol: P
   Definitions
      At line 14 in file third.asm
   Uses
      None
Comment: P unused
Q 00000020

Symbol: Q
   Definitions
      At line 15 in file third.asm
   Uses
      At line 4 in file third.asm
      At line 9 in file third.asm

R 00000024

Symbol: R
   Definitions
      At line 16 in file third.asm
   Uses
      At line 5 in file third.asm
Comment: R used once
S 00000028

Symbol: S
   Definitions
      At line 17 in file third.asm
   Uses
      At line 6 in file third.asm
Comment: S used once
Stop 00000018

Symbol: Stop
   Definitions
      At line 10 in file third.asm
   Uses
      At line 10 in file third.asm
Comment: Stop used once
start 00000000

Symbol: start
   Definitions
      At line 3 in file third.asm
   Uses
      None
Comment: start unused
7 symbols
338 symbols in table
