<html>
<body>
<pre>
<h1>µVision Build Log</h1>
<h2>Tool Versions:</h2>
IDE-Version: µVision V5.38.0.0
Copyright (C) 2022 ARM Ltd and ARM Germany GmbH. All rights reserved.
License Information: pglab Admin, amrita, LIC=----
 
Tool Versions:
Toolchain:       MDK-Lite  Version: 5.38.0.0
Toolchain Path:  C:\Users\Public\Downloads\keil v5\ARM\ARMCLANG\Bin
C Compiler:      ArmClang.exe V6.19
Assembler:       Armasm.exe V6.19
Linker/Locator:  ArmLink.exe V6.19
Library Manager: ArmAr.exe V6.19
Hex Converter:   FromElf.exe V6.19
CPU DLL:         SARMCM3.DLL V5.38.0.0
Dialog DLL:      DCM.DLL V1.17.5.0
Target DLL:      STLink\ST-LINKIII-KEIL_SWO.dll V3.1.0.0
Dialog DLL:      TCM.DLL V1.56.4.0
 
<h2>Project:</h2>
Y:\Embbeded_System\Lab 6\switch.uvprojx
Project File Date:  08/10/2024

<h2>Output:</h2>
*** Using Compiler 'V6.19', folder: 'C:\Users\Public\Downloads\keil v5\ARM\ARMCLANG\Bin'
Build target 'Target 1'
switch.c(10): warning: implicit conversion changes signedness: 'int' to 'unsigned int' [-Wsign-conversion]
GPIOA->PUPDR &= ~0x00000003; /* clear pull-up/pull-down bits for PA6*/
             ~~ ^~~~~~~~~~~
1 warning generated.
compiling switch.c...
compiling stm32f4xx_hal_rcc.c...
compiling LED_F401Discovery.c...
compiling stm32f4xx_hal.c...
C:/Users/Public/Downloads/keil v5/Keil/STM32F4xx_DFP/2.17.1/Drivers/STM32F4xx_HAL_Driver/Src/stm32f4xx_hal_cortex.c(215): warning: function 'HAL_NVIC_SystemReset' could be declared with attribute 'noreturn' [-Wmissing-noreturn]
{
^
C:/Users/Public/Downloads/keil v5/Keil/STM32F4xx_DFP/2.17.1/Drivers/STM32F4xx_HAL_Driver/Src/stm32f4xx_hal_cortex.c(81): warning: In file included from...
C:/Users/Public/Downloads/keil v5/Keil/STM32F4xx_DFP/2.17.1/Drivers/STM32F4xx_HAL_Driver/Inc\stm32f4xx_hal.h(29): warning: In file included from...
./RTE/Device/STM32F401CCUx\stm32f4xx_hal_conf.h(401): warning: In file included from...
C:/Users/Public/Downloads/keil v5/Keil/STM32F4xx_DFP/2.17.1/Drivers/STM32F4xx_HAL_Driver/Inc\stm32f4xx_hal_cortex.h(52): warning: padding struct 'MPU_Region_InitTypeDef' with 2 bytes to align 'BaseAddress' [-Wpadded]
  uint32_t               BaseAddress;           /*!< Specifies the base address of the region to protect.                           */
                         ^
2 warnings generated.
compiling stm32f4xx_hal_cortex.c...
compiling system_stm32f4xx.c...
C:/Users/Public/Downloads/keil v5/Keil/STM32F4xx_DFP/2.17.1/Drivers/STM32F4xx_HAL_Driver/Src/stm32f4xx_hal_rcc_ex.c(23): warning: In file included from...
C:/Users/Public/Downloads/keil v5/Keil/STM32F4xx_DFP/2.17.1/Drivers/STM32F4xx_HAL_Driver/Inc\stm32f4xx_hal.h(29): warning: In file included from...
./RTE/Device/STM32F401CCUx\stm32f4xx_hal_conf.h(385): warning: In file included from...
C:/Users/Public/Downloads/keil v5/Keil/STM32F4xx_DFP/2.17.1/Drivers/STM32F4xx_HAL_Driver/Inc\stm32f4xx_hal_rcc.h(31): warning: In file included from...
C:/Users/Public/Downloads/keil v5/Keil/STM32F4xx_DFP/2.17.1/Drivers/STM32F4xx_HAL_Driver/Inc/stm32f4xx_hal_rcc_ex.h(403): warning: padding size of 'RCC_PeriphCLKInitTypeDef' with 3 bytes to alignment boundary [-Wpadded]
typedef struct
        ^
1 warning generated.
compiling stm32f4xx_hal_rcc_ex.c...
compiling Buttons_F401Discovery.c...
compiling stm32f4xx_hal_gpio.c...
linking...
Program Size: Code=504 RO-data=420 RW-data=0 ZI-data=1632  
FromELF: creating hex file...
".\Objects\switch.axf" - 0 Error(s), 4 Warning(s).

<h2>Software Packages used:</h2>

Package Vendor: ARM
                https://www.keil.com/pack/ARM.CMSIS.6.1.0.pack
                ARM.CMSIS.6.1.0
                CMSIS (Common Microcontroller Software Interface Standard)
   * Component: GPIO Version: 1.0.0
   * Component: Custom Version: 1.0.0
   * Component: CORE Version: 6.1.0

Package Vendor: Keil
                https://www.keil.com/pack/Keil.MDK-Middleware.7.16.0.pack
                Keil.MDK-Middleware.7.16.0
                Middleware for Keil MDK-Professional and MDK-Plus
   * Component: Buttons Version: 1.0.0
   * Component: LED Version: 1.0.0

Package Vendor: Keil
                https://www.keil.com/pack/Keil.STM32F4xx_DFP.2.17.1.pack
                Keil.STM32F4xx_DFP.2.17.1
                STMicroelectronics STM32F4 Series Device Support, Drivers and Examples
   * Component: STM32Cube Framework Version: 1.0.0
   * Component: Buttons Version: 1.0.0
   * Component: LED Version: 1.0.0
   * Component: Classic Version: 1.8.1
   * Component: Common Version: 1.8.1
   * Component: Cortex Version: 1.8.1
   * Component: GPIO Version: 1.8.1
   * Component: RCC Version: 1.8.1
   * Component: Startup Version: 2.6.3

<h2>Collection of Component include folders:</h2>
  ./RTE/Device/STM32F401CCUx
  ./RTE/_Target_1
  C:/Users/Public/Downloads/keil v5/ARM/CMSIS/6.1.0/CMSIS/Core/Include
  C:/Users/Public/Downloads/keil v5/ARM/CMSIS/6.1.0/CMSIS/Driver/Include
  C:/Users/Public/Downloads/keil v5/Keil/MDK-Middleware/7.16.0/Board
  C:/Users/Public/Downloads/keil v5/Keil/STM32F4xx_DFP/2.17.1/Drivers/CMSIS/Device/ST/STM32F4xx/Include
  C:/Users/Public/Downloads/keil v5/Keil/STM32F4xx_DFP/2.17.1/Drivers/STM32F4xx_HAL_Driver/Inc

<h2>Collection of Component Files used:</h2>

   * Component: ::Board Support:Buttons:1.0.0 (API)
      Include file:  Board/Board_Buttons.h

   * Component: ::Board Support:LED:1.0.0 (API)
      Include file:  Board/Board_LED.h

   * Component: ::CMSIS Driver:GPIO:1.0.0 (API)
      Include file:  CMSIS/Driver/Include/Driver_GPIO.h

   * Component: ::Device:STM32Cube Framework:1.0.0 (API)

   * Component: ARM::CMSIS Driver:GPIO:Custom:1.0.0
      Include file:  CMSIS/Driver/Include/Driver_GPIO.h
      Source file:   CMSIS/Driver/DriverTemplates/Driver_GPIO.c

   * Component: ARM::CMSIS:CORE:6.1.0

   * Component: Keil.STM32F401C-Discovery::Board Support:Buttons:1.0.0
      Source file:   MDK/Boards/ST/STM32F401C-Discovery/Common/Buttons_F401Discovery.c

   * Component: Keil.STM32F401C-Discovery::Board Support:LED:1.0.0
      Source file:   MDK/Boards/ST/STM32F401C-Discovery/Common/LED_F401Discovery.c

   * Component: Keil::Device:STM32Cube Framework:Classic:1.8.1
      Include file:  MDK/Templates/Inc/main.h
      Include file:  CMSIS/Driver/Config/RTE_Device.h
      Source file:   MDK/Templates/Src/main.c
      Source file:   MDK/Templates_LL/Src/main.c
      Include file:  MDK/Templates_LL/Inc/main.h
      Include file:  MDK/Templates/Inc/stm32f4xx_hal_conf.h
      Include file:  MDK/Templates/Inc/stm32f4xx_it.h
      Source file:   MDK/Templates/Src/stm32f4xx_it.c
      Source file:   MDK/Templates/Src/stm32f4xx_hal_msp.c

   * Component: Keil::Device:STM32Cube HAL:Common:1.8.1
      Include file:  Drivers/STM32F4xx_HAL_Driver/Inc/stm32f4xx_hal.h
      Source file:   Drivers/STM32F4xx_HAL_Driver/Src/stm32f4xx_hal.c

   * Component: Keil::Device:STM32Cube HAL:Cortex:1.8.1
      Source file:   Drivers/STM32F4xx_HAL_Driver/Src/stm32f4xx_hal_cortex.c

   * Component: Keil::Device:STM32Cube HAL:GPIO:1.8.1
      Source file:   Drivers/STM32F4xx_HAL_Driver/Src/stm32f4xx_hal_gpio.c

   * Component: Keil::Device:STM32Cube HAL:RCC:1.8.1
      Source file:   Drivers/STM32F4xx_HAL_Driver/Src/stm32f4xx_hal_rcc_ex.c
      Source file:   Drivers/STM32F4xx_HAL_Driver/Src/stm32f4xx_hal_rcc.c

   * Component: Keil::Device:Startup:2.6.3
      Source file:   Drivers/CMSIS/Device/ST/STM32F4xx/Source/Templates/system_stm32f4xx.c
      Source file:   MDK/Device/Source/ARM/STM32F4xx_OTP.s
      Source file:   MDK/Device/Source/ARM/STM32F401xx_OPT.s
      Source file:   Drivers/CMSIS/Device/ST/STM32F4xx/Source/Templates/arm/startup_stm32f401xc.s
      Include file:  Drivers/CMSIS/Device/ST/STM32F4xx/Include/stm32f4xx.h
Build Time Elapsed:  00:00:03
</pre>
</body>
</html>
